-- Test the output function
BEGIN;
CREATE EXTENSION conda;
SELECT '1.2.3'::condaversion::text;
 text  
-------
 1.2.3
(1 row)

ROLLBACK;
